
> dc1-platform@1.0.0 test:e2e
> playwright test

[1A[2K[WebServer]  [33m[1m⚠[22m[39m You are using a non-standard "NODE_ENV" value in your environment. This creates inconsistencies in the project and is strongly advised against. Read more: https://nextjs.org/docs/messages/non-standard-node-env

[1A[2K[WebServer]  [31m[1m⨯[22m[39m Failed to start server

[1A[2K[WebServer] Error: listen EADDRINUSE: address already in use :::3100
[WebServer] [90m    at Server.setupListenHandle [as _listen2] (node:net:1948:16)[39m
[WebServer] [90m    at listenInCluster (node:net:2005:12)[39m
[WebServer] [90m    at Server.listen (node:net:2110:7)[39m
[WebServer]     at [90m/home/node/dc1-platform/[39mnode_modules/[4mnext[24m/dist/server/lib/start-server.js:280:16
[WebServer]     at new Promise (<anonymous>)
[WebServer]     at startServer [90m(/home/node/dc1-platform/[39mnode_modules/[4mnext[24m/dist/server/lib/start-server.js:191:11[90m)[39m
[WebServer]     at [90m/home/node/dc1-platform/[39mnode_modules/[4mnext[24m/dist/server/lib/start-server.js:310:52
[WebServer]     at Span.traceAsyncFn [90m(/home/node/dc1-platform/[39mnode_modules/[4mnext[24m/dist/trace/trace.js:154:26[90m)[39m
[WebServer]     at process.<anonymous> [90m(/home/node/dc1-platform/[39mnode_modules/[4mnext[24m/dist/server/lib/start-server.js:310:35[90m)[39m
[WebServer] [90m    at process.emit (node:events:508:28)[39m {
[WebServer]   code: [32m'EADDRINUSE'[39m,
[WebServer]   errno: [33m-98[39m,
[WebServer]   syscall: [32m'listen'[39m,
[WebServer]   address: [32m'::'[39m,
[WebServer]   port: [33m3100[39m
[WebServer] }

Error: Process from config.webServer exited early.

[1A[2K